     1                                 %line 1+1 hw5.asm
     2                                 [section .data]
     3                                 
     4                                 WALL equ 'x'
     5                                 GOAL equ 'o'
     6                                 EMPTY equ ' '
     7                                 SEARCHED equ '.'
     8                                 
     9 00000000 303132333435363738-    DIGITS db "0123456789"
    10 00000000 39                 
    11                                 
    12                                 NULL equ 0
    13                                 LF equ 10
    14                                 [global NEW_LINE]
    15 0000000A 0A0A                   NEW_LINE db LF, LF
    16                                 
    17                                 TRUE equ 1
    18                                 FALSE equ 0
    19                                 
    20                                 
    21                                 SYS_WRITE equ 1
    22                                 STDOUT equ 1
    23                                 
    24                                 
    25                                 LENGTH1 equ 5
    26                                 HEIGHT1 equ 5
    27 0000000C 7878787878             maze1 db "xxxxx",
    28 00000011 7820786F78              db "x xox",
    29 00000016 7820782078              db "x x x",
    30 0000001B 7820202078              db "x   x",
    31 00000020 7878787878              db "xxxxx"
    32                                 START_POS_X_1 equ 1
    33                                 START_POS_Y_1 equ 1
    34                                 
    35                                 
    36                                 LENGTH2 equ 8
    37                                 HEIGHT2 equ 10
    38 00000025 7878787878787878       maze2 db "xxxxxxxx",
    39 0000002D 2020202020782020        db "     x  ",
    40 00000035 7878787820782078        db "xxxx x x",
    41 0000003D 7820207820782078        db "x  x x x",
    42 00000045 786F207820782078        db "xo x x x",
    43 0000004D 7820207820782078        db "x  x x x",
    44 00000055 7820207878782078        db "x  xxx x",
    45 0000005D 7820202020202078        db "x      x",
    46 00000065 7820202020202078        db "x      x",
    47 0000006D 7878787878787878        db "xxxxxxxx"
    48                                 
    49                                 START_POS_X_2 equ 4
    50                                 START_POS_Y_2 equ 5
    51                                 
    52                                 
    53                                 LENGTH3 equ 8
    54                                 HEIGHT3 equ 10
    55 00000075 7878787878787878       maze3 db "xxxxxxxx",
    56 0000007D 2020202020202020        db "        ",
    57 00000085 7878787820782078        db "xxxx x x",
    58 0000008D 7820207820782078        db "x  x x x",
    59 00000095 786F207820782078        db "xo x x x",
    60 0000009D 7820207820782078        db "x  x x x",
    61 000000A5 7878787878782078        db "xxxxxx x",
    62 000000AD 7820202020202078        db "x      x",
    63 000000B5 7820202020202078        db "x      x",
    64 000000BD 7878787878787878        db "xxxxxxxx"
    65                                 
    66                                 START_POS_X_3 equ 4
    67                                 START_POS_Y_3 equ 5
    68                                 
    69                                 
    70                                 SYS_exit equ 60
    71                                 EXIT_SUCCESS equ 0
    72                                 
    73                                 [section .text]
    74                                 
    75                                 
    76                                 
    77                                 
    78                                 
    79                                 
    80                                 
    81                                 
    82                                 %line 95+1 hw5.asm
    83                                 
    84                                 
    85                                 %line 126+1 hw5.asm
    86                                 
    87                                 
    88                                 
    89                                 %line 153+1 hw5.asm
    90                                 
    91                                 
    92                                 [global _start]
    93                                 [global isGoalReachable]
    94                                 [global int2String]
    95                                 [extern printInteger]
    96                                 [extern printMaze]
    97                                 [extern solveMaze]
    98                                 [extern convertToLinear]
    99                                 
   100                                 
   101                                 _start:
   102                                 
   103                                 
   104                                 
   105                                 
   106 00000000 BF04000000             mov edi, 4
   107 00000005 E8(F6FFFFFF)           call printInteger
   108 0000000A 48C7C001000000         mov rax, SYS_WRITE
   109 00000011 48C7C701000000         mov rdi, STDOUT
   110 00000018 48C7C6[00000000]       mov rsi, NEW_LINE
   111 0000001F 48C7C201000000         mov rdx, 1
   112 00000026 0F05                   syscall
   113                                 
   114 00000028 BF0A000000             mov edi, 10
   115 0000002D E8(F6FFFFFF)           call printInteger
   116 00000032 48C7C001000000         mov rax, SYS_WRITE
   117 00000039 48C7C701000000         mov rdi, STDOUT
   118 00000040 48C7C6[00000000]       mov rsi, NEW_LINE
   119 00000047 48C7C201000000         mov rdx, 1
   120 0000004E 0F05                   syscall
   121                                 
   122 00000050 BF70010000             mov edi, 368
   123 00000055 E8(F6FFFFFF)           call printInteger
   124 0000005A 48C7C001000000         mov rax, SYS_WRITE
   125 00000061 48C7C701000000         mov rdi, STDOUT
   126 00000068 48C7C6[00000000]       mov rsi, NEW_LINE
   127 0000006F 48C7C202000000         mov rdx, 2
   128 00000076 0F05                   syscall
   129                                 
   130                                 afterInt2String:
   131                                 
   132                                 
   133 00000078 48C7C7[00000000]       mov rdi, maze1
   134 0000007F 48C7C601000000         mov rsi, START_POS_X_1
   135 00000086 48C7C201000000         mov rdx, START_POS_Y_1
   136 0000008D 48C7C105000000         mov rcx, LENGTH1
   137 00000094 49C7C005000000         mov r8, HEIGHT1
   138 0000009B E8(F6FFFFFF)           call solveMaze
   139                                 
   140                                 afterFirstMaze:
   141                                 
   142                                 
   143 000000A0 48C7C7[00000000]       mov rdi, maze2
   144 000000A7 48C7C604000000         mov rsi, START_POS_X_2
   145 000000AE 48C7C205000000         mov rdx, START_POS_Y_2
   146 000000B5 48C7C10A000000         mov rcx, HEIGHT2
   147 000000BC 49C7C008000000         mov r8, LENGTH2
   148 000000C3 E8(F6FFFFFF)           call solveMaze
   149                                 
   150                                 afterSecondMaze:
   151                                 
   152                                 
   153                                 
   154                                 
   155 000000C8 48C7C7[00000000]       mov rdi, maze3
   156 000000CF 48C7C604000000         mov rsi, START_POS_X_3
   157 000000D6 48C7C205000000         mov rdx, START_POS_Y_3
   158 000000DD 48C7C10A000000         mov rcx, HEIGHT3
   159 000000E4 49C7C008000000         mov r8, LENGTH3
   160 000000EB E8(F6FFFFFF)           call solveMaze
   161                                 
   162                                 
   163                                 afterThirdMaze:
   164                                 
   165                                 
   166                                 last:
   167 000000F0 B83C000000              mov eax, SYS_exit
   168 000000F5 BF00000000              mov edi, EXIT_SUCCESS
   169 000000FA 0F05                    syscall
   170                                 
   171                                 
   172                                 
   173                                 
   174                                 
   175                                 
   176                                 
   177                                 int2String:
   178                                 
   179                                 
   180                                 
   181 000000FC 4889F8                  mov rax, rdi
   182                                 
   183 000000FF 41B80A000000            mov r8d, 10
   184                                 
   185 00000105 4889D1                  mov rcx, rdx
   186                                 
   187                                  digitsLoop:
   188                                 
   189 00000108 4883F800                cmp rax, 0
   190 0000010C 7414                    je endDigitsLoop
   191                                 
   192                                 
   193 0000010E 48C7C200000000          mov rdx, 0
   194 00000115 41F7F0                  div r8d
   195                                 
   196 00000118 80C230                  add dl, '0'
   197 0000011B 88540EFF                mov [rsi + rcx - 1], dl
   198 0000011F 48FFC9                  dec rcx
   199                                 
   200 00000122 EBE2                    jmp digitsLoop
   201                                  endDigitsLoop:
   202                                 
   203 00000124 C3                      ret
   204                                 
   205                                 
   206                                 
   207                                 
   208                                 
   209                                 
   210                                 
   211                                 
   212                                 
   213                                 
   214                                 isGoalReachable:
   215                                 
   216                                 
   217 00000125 53                      push rbx
   218 00000126 4154                    push r12
   219 00000128 4155                    push r13
   220 0000012A 4156                    push r14
   221 0000012C 4157                    push r15
   222                                 
   223                                 
   224 0000012E 4889FB                  mov rbx, rdi
   225 00000131 4989F4                  mov r12, rsi
   226 00000134 4989D5                  mov r13, rdx
   227 00000137 4989CE                  mov r14, rcx
   228 0000013A 4D89C7                  mov r15, r8
   229                                 
   230                                 
   231                                 
   232                                 %line 294+0 hw5.asm
   233 0000013D 4489E0                  mov eax, r12d
   234 00000140 4401F8                  add eax, r15d
   235 00000143 BA00000000              mov edx, 0
   236 00000148 41F7F7                  div r15d
   237 0000014B 4189D4                  mov r12d, edx
   238                                 
   239                                 
   240 0000014E 4489E8                  mov eax, r13d
   241 00000151 4401F0                  add eax, r14d
   242 00000154 BA00000000              mov edx, 0
   243 00000159 41F7F6                  div r14d
   244 0000015C 4189D5                  mov r13d, edx
   245                                 %line 295+1 hw5.asm
   246                                 
   247                                 
   248                                 
   249                                 
   250                                 
   251                                 
   252                                 
   253                                 
   254                                 
   255                                 
   256                                 
   257                                 
   258 0000015F 4C89FF                  mov rdi, r15
   259 00000162 4C89E6                  mov rsi, r12
   260 00000165 4C89EA                  mov rdx, r13
   261 00000168 E8(F6FFFFFF)            call convertToLinear
   262                                 
   263                                 
   264                                 
   265                                 
   266 0000016D 803C036F                cmp byte[rbx + rax], GOAL
   267 00000171 0F848E000000            je isTrue
   268                                 
   269                                 
   270                                 
   271 00000177 803C0378                cmp byte[rbx + rax], WALL
   272 0000017B 0F8495000000            je isFalse
   273                                 
   274                                 
   275                                 
   276 00000181 803C032E                cmp byte[rbx + rax], SEARCHED
   277 00000185 0F848B000000            je isFalse
   278                                 
   279                                 
   280 0000018B C604032E                mov byte[rbx + rax], SEARCHED
   281                                 
   282                                 
   283                                 
   284 0000018F 4D89E1                  mov r9, r12
   285 00000192 4D89EA                  mov r10, r13
   286                                 
   287                                 
   288                                 
   289                                 
   290                                 
   291                                 
   292                                 
   293 00000195 4889DF                  mov rdi, rbx
   294 00000198 4C89CE                  mov rsi, r9
   295 0000019B 48FFCE                  dec rsi
   296 0000019E 4C89D2                  mov rdx, r10
   297 000001A1 4C89F1                  mov rcx, r14
   298 000001A4 4D89F8                  mov r8, r15
   299                                 
   300                                 
   301 000001A7 E874FFFFFF              call isGoalReachable
   302                                 
   303                                 
   304 000001AC 4883F801                cmp rax, 1
   305 000001B0 7457                    je isTrue
   306                                 
   307                                 
   308                                 
   309                                 
   310                                 
   311                                 
   312 000001B2 4889DF                  mov rdi, rbx
   313 000001B5 4C89CE                  mov rsi, r9
   314 000001B8 48FFC6                  inc rsi
   315 000001BB 4C89D2                  mov rdx, r10
   316 000001BE 4C89F1                  mov rcx, r14
   317 000001C1 4D89F8                  mov r8, r15
   318                                 
   319                                 
   320 000001C4 E857FFFFFF              call isGoalReachable
   321                                 
   322                                 
   323 000001C9 4883F801                cmp rax, 1
   324 000001CD 743A                    je isTrue
   325                                 
   326                                 
   327                                 
   328                                 
   329                                 
   330                                 
   331 000001CF 4889DF                  mov rdi, rbx
   332 000001D2 4C89CE                  mov rsi, r9
   333 000001D5 4C89D2                  mov rdx, r10
   334 000001D8 48FFC2                  inc rdx
   335 000001DB 4C89F1                  mov rcx, r14
   336 000001DE 4D89F8                  mov r8, r15
   337                                 
   338                                 
   339 000001E1 E83AFFFFFF              call isGoalReachable
   340                                 
   341                                 
   342 000001E6 4883F801                cmp rax, 1
   343 000001EA 741D                    je isTrue
   344                                 
   345                                 
   346                                 
   347                                 
   348                                 
   349                                 
   350 000001EC 4889DF                  mov rdi, rbx
   351 000001EF 4C89CE                  mov rsi, r9
   352 000001F2 4C89D2                  mov rdx, r10
   353 000001F5 48FFCA                  dec rdx
   354 000001F8 4C89F1                  mov rcx, r14
   355 000001FB 4D89F8                  mov r8, r15
   356                                 
   357                                 
   358 000001FE E81DFFFFFF              call isGoalReachable
   359                                 
   360                                 
   361 00000203 4883F801                cmp rax, 1
   362 00000207 7400                    je isTrue
   363                                 
   364                                 
   365                                 
   366 00000209 EB0F                    jmp isFalse
   367                                 
   368                                 
   369                                  isTrue:
   370 0000020B 48C7C001000000          mov rax, 1
   371 00000212 415F                    pop r15
   372 00000214 415E                    pop r14
   373 00000216 415D                    pop r13
   374 00000218 415C                    pop r12
   375 0000021A 5B                      pop rbx
   376 0000021B C3                      ret
   377                                 
   378                                 
   379                                  isFalse:
   380 0000021C 48C7C000000000          mov rax, 0
   381 00000223 415F                    pop r15
   382 00000225 415E                    pop r14
   383 00000227 415D                    pop r13
   384 00000229 415C                    pop r12
   385 0000022B 5B                      pop rbx
   386 0000022C C3                      ret
   387                                 
   388                                 
   389                                 
   390                                 
   391                                 
   392                                 
   393                                 
   394                                 
   395                                 
   396                                 
   397                                 
   398                                 
   399                                 
   400                                 
   401                                 
   402                                 
   403                                 
   404                                 
   405                                 
   406                                 
   407                                 
   408 0000022D C3                      ret
