     1                                 %line 1+1 ast6procs.asm
     2                                 
     3                                 
     4                                 
     5                                 
     6                                 
     7                                 
     8                                 
     9                                 
    10                                 %line 21+1 ast6procs.asm
    11                                 
    12                                 %line 34+1 ast6procs.asm
    13                                 
    14                                 %line 43+1 ast6procs.asm
    15                                 
    16                                 %line 52+1 ast6procs.asm
    17                                 
    18                                 %line 61+1 ast6procs.asm
    19                                 
    20                                 [section .data]
    21                                 TRUE equ 1
    22                                 FALSE equ 0
    23                                 NULL equ 0
    24                                 LF equ 10
    25                                 NEWLINE equ 10
    26                                 
    27                                 SYS_read equ 0
    28                                 SYS_write equ 1
    29                                 SYS_open equ 2
    30                                 SYS_close equ 3
    31                                 SYS_fork equ 57
    32                                 SYS_exit equ 60
    33                                 SYS_creat equ 85
    34                                 SYS_time equ 201
    35                                 
    36                                 O_RDONLY equ 000000
    37                                 O_WRONLY equ 000001
    38                                 O_RDWR equ 000002
    39                                 
    40                                 STDIN equ 0
    41                                 STDOUT equ 1
    42                                 STDERR equ 2
    43                                 
    44                                 O_CREAT equ 0x40
    45                                 O_TRUNC equ 0x200
    46                                 O_APPEND equ 0x400
    47                                 
    48 00000000 596F75206861766520-    invalidArgumentCount db "You have given an invalid command line argument. Make sure it follows this format:",NEWLINE," ./main -f <fileName> -w <word>", NULL
    49 00000000 676976656E20616E20-
    50 00000000 696E76616C69642063-
    51 00000000 6F6D6D616E64206C69-
    52 00000000 6E6520617267756D65-
    53 00000000 6E742E204D616B6520-
    54 00000000 737572652069742066-
    55 00000000 6F6C6C6F7773207468-
    56 00000000 697320666F726D6174-
    57 00000000 3A0A202E2F6D61696E-
    58 00000000 202D66203C66696C65-
    59 00000000 4E616D653E202D7720-
    60 00000000 3C776F72643E00     
    61 00000073 596F75722066697273-    invalidFArgument db "Your first argument is not -f.", NEWLINE ,NULL
    62 00000073 7420617267756D656E-
    63 00000073 74206973206E6F7420-
    64 00000073 2D662E0A00         
    65 00000093 596F7572207365636F-    invalidWArgument db "Your second argument is not -w.", NEWLINE, NULL
    66 00000093 6E6420617267756D65-
    67 00000093 6E74206973206E6F74-
    68 00000093 202D772E0A00       
    69 000000B4 596F7520646964206E-    invalidFile db "You did not open a valid file. Try Again", NEWLINE, NULL
    70 000000B4 6F74206F70656E2061-
    71 000000B4 2076616C6964206669-
    72 000000B4 6C652E205472792041-
    73 000000B4 6761696E0A00       
    74 000000DE 596F757220776F7264-    invalidWord db "Your word has exceded the limit of MAXWORDLENGTH", NEWLINE, NULL
    75 000000DE 206861732065786365-
    76 000000DE 64656420746865206C-
    77 000000DE 696D6974206F66204D-
    78 000000DE 4158574F52444C454E-
    79 000000DE 4754480A00         
    80 00000110 0A00                   nlMessage db NEWLINE, NULL
    81                                 
    82                                 BUFFSIZE equ 300000
    83 00000112 E093040000000000       buffIndex dq BUFFSIZE
    84 0000011A E093040000000000       buffCurr dq BUFFSIZE
    85 00000122 00                     wasEOF db 0
    86                                 
    87                                 [section .bss]
    88                                 
    89 00000000 <gap>                  buffer resb BUFFSIZE
    90                                 
    91                                 [section .text]
    92                                 
    93                                 
    94                                 
    95                                 
    96                                 
    97                                 
    98                                 [global checkParams]
    99                                 checkParams:
   100                                 
   101                                 
   102 00000000 4883FF05                cmp rdi, 5
   103 00000004 742F                    je argPassed
   104                                 
   105                                 
   106                                 
   107                                 %line 121+0 ast6procs.asm
   108                                 
   109 00000006 48C7C001000000          mov rax, SYS_write
   110 0000000D 48C7C701000000          mov rdi, STDOUT
   111 00000014 48C7C6[00000000]        mov rsi, invalidArgumentCount
   112                                 
   113                                 
   114 0000001B 48C7C200000000          mov rdx, 0
   115                                  ..@5.obtainLength:
   116                                 
   117 00000022 80BA[00000000]00        cmp byte[invalidArgumentCount+rdx], NULL
   118 00000029 7403                    je ..@5.endLength
   119 0000002B 48FFC2                  inc rdx
   120 0000002E EBF0                    jmp ..@5.obtainLength
   121                                  ..@5.endLength:
   122                                 
   123                                 
   124 00000030 0F05                    syscall
   125                                 
   126                                 %line 122+1 ast6procs.asm
   127 00000032 E954010000              jmp returnFalse
   128                                 
   129                                 
   130                                  argPassed:
   131                                 
   132                                 
   133                                 
   134                                 
   135 00000037 4C8B4E08                mov r9, [rsi + 1*8]
   136                                 
   137 0000003B 418A01                  mov al, [r9]
   138 0000003E 3C2D                    cmp al, '-'
   139 00000040 7510                    jne arg1Failed
   140                                 
   141                                 
   142 00000042 418A4101                mov al, [r9+1]
   143 00000046 3C66                    cmp al, 'f'
   144 00000048 7508                    jne arg1Failed
   145                                 
   146                                 
   147 0000004A 418A4102                mov al, [r9+2]
   148 0000004E 3C00                    cmp al, 0
   149 00000050 7500                    jne arg1Failed
   150                                 
   151                                 
   152 00000052 EB2F                    jmp arg1Passed
   153                                 
   154                                  arg1Failed:
   155                                 
   156                                 %line 150+0 ast6procs.asm
   157                                 
   158 00000054 48C7C001000000          mov rax, SYS_write
   159 0000005B 48C7C701000000          mov rdi, STDOUT
   160 00000062 48C7C6[00000000]        mov rsi, invalidFArgument
   161                                 
   162                                 
   163 00000069 48C7C200000000          mov rdx, 0
   164                                  ..@7.obtainLength:
   165                                 
   166 00000070 80BA[00000000]00        cmp byte[invalidFArgument+rdx], NULL
   167 00000077 7403                    je ..@7.endLength
   168 00000079 48FFC2                  inc rdx
   169 0000007C EBF0                    jmp ..@7.obtainLength
   170                                  ..@7.endLength:
   171                                 
   172                                 
   173 0000007E 0F05                    syscall
   174                                 
   175                                 %line 151+1 ast6procs.asm
   176 00000080 E906010000              jmp returnFalse
   177                                 
   178                                  arg1Passed:
   179                                 
   180                                 
   181                                 
   182                                 
   183                                 
   184 00000085 488B7E10                mov rdi, [rsi + 2*8]
   185                                 
   186                                 
   187 00000089 4989F1                  mov r9, rsi
   188                                 
   189                                 
   190 0000008C 48C7C600000000          mov rsi, 0
   191 00000093 48C7C002000000          mov rax, 2
   192 0000009A 0F05                    syscall
   193                                 
   194                                 
   195 0000009C 4C89CE                  mov rsi, r9
   196                                 
   197                                 
   198 0000009F 4883F800                cmp rax, 0
   199 000000A3 7D2F                    jge openPassed
   200                                 
   201                                 
   202                                 
   203                                 %line 177+0 ast6procs.asm
   204                                 
   205 000000A5 48C7C001000000          mov rax, SYS_write
   206 000000AC 48C7C701000000          mov rdi, STDOUT
   207 000000B3 48C7C6[00000000]        mov rsi, invalidFile
   208                                 
   209                                 
   210 000000BA 48C7C200000000          mov rdx, 0
   211                                  ..@9.obtainLength:
   212                                 
   213 000000C1 80BA[00000000]00        cmp byte[invalidFile+rdx], NULL
   214 000000C8 7403                    je ..@9.endLength
   215 000000CA 48FFC2                  inc rdx
   216 000000CD EBF0                    jmp ..@9.obtainLength
   217                                  ..@9.endLength:
   218                                 
   219                                 
   220 000000CF 0F05                    syscall
   221                                 
   222                                 %line 178+1 ast6procs.asm
   223 000000D1 E9B5000000              jmp returnFalse
   224                                 
   225                                 
   226                                  openPassed:
   227                                 
   228                                 
   229                                 
   230 000000D6 4C8B4E18                mov r9, [rsi + 3*8]
   231                                 
   232 000000DA 418A01                  mov al, [r9]
   233 000000DD 3C2D                    cmp al, '-'
   234 000000DF 7510                    jne arg2Failed
   235                                 
   236                                 
   237 000000E1 418A4101                mov al, [r9+1]
   238 000000E5 3C77                    cmp al, 'w'
   239 000000E7 7508                    jne arg2Failed
   240                                 
   241                                 
   242 000000E9 418A4102                mov al, [r9+2]
   243 000000ED 3C00                    cmp al, 0
   244 000000EF 7500                    jne arg2Failed
   245                                 
   246                                 
   247 000000F1 EB2C                    jmp arg2Passed
   248                                 
   249                                  arg2Failed:
   250                                 
   251                                 %line 205+0 ast6procs.asm
   252                                 
   253 000000F3 48C7C001000000          mov rax, SYS_write
   254 000000FA 48C7C701000000          mov rdi, STDOUT
   255 00000101 48C7C6[00000000]        mov rsi, invalidWArgument
   256                                 
   257                                 
   258 00000108 48C7C200000000          mov rdx, 0
   259                                  ..@11.obtainLength:
   260                                 
   261 0000010F 80BA[00000000]00        cmp byte[invalidWArgument+rdx], NULL
   262 00000116 7403                    je ..@11.endLength
   263 00000118 48FFC2                  inc rdx
   264 0000011B EBF0                    jmp ..@11.obtainLength
   265                                  ..@11.endLength:
   266                                 
   267                                 
   268 0000011D 0F05                    syscall
   269                                 
   270                                 %line 206+1 ast6procs.asm
   271 0000011F EB6D                    jmp returnFalse
   272                                 
   273                                  arg2Passed:
   274                                 
   275                                 
   276                                 
   277 00000121 498900                  mov [r8], rax
   278                                 
   279                                 
   280                                 
   281                                 
   282                                 
   283 00000124 4C8B4E20                mov r9, [rsi + 4*8]
   284                                 
   285 00000128 4989D2                  mov r10, rdx
   286                                 
   287 0000012B 48C7C200000000          mov rdx, 0
   288                                 %line 222+0 ast6procs.asm
   289                                  ..@12.obtainLength:
   290                                 
   291 00000132 41803C1100              cmp byte[r9+rdx], NULL
   292 00000137 7403                    je ..@12.endLength
   293 00000139 48FFC2                  inc rdx
   294 0000013C EBF2                    jmp ..@12.obtainLength
   295                                  ..@12.endLength:
   296                                 
   297                                 
   298                                 %line 223+1 ast6procs.asm
   299                                 
   300                                 
   301 0000013E 4C39D2                  cmp rdx, r10
   302 00000141 7C2C                    jl lengthPassed
   303                                 
   304                                 
   305                                 
   306                                 %line 229+0 ast6procs.asm
   307                                 
   308 00000143 48C7C001000000          mov rax, SYS_write
   309 0000014A 48C7C701000000          mov rdi, STDOUT
   310 00000151 48C7C6[00000000]        mov rsi, invalidWord
   311                                 
   312                                 
   313 00000158 48C7C200000000          mov rdx, 0
   314                                  ..@14.obtainLength:
   315                                 
   316 0000015F 80BA[00000000]00        cmp byte[invalidWord+rdx], NULL
   317 00000166 7403                    je ..@14.endLength
   318 00000168 48FFC2                  inc rdx
   319 0000016B EBF0                    jmp ..@14.obtainLength
   320                                  ..@14.endLength:
   321                                 
   322                                 
   323 0000016D 0F05                    syscall
   324                                 
   325                                 %line 230+1 ast6procs.asm
   326 0000016F EB1D                    jmp returnFalse
   327                                 
   328                                  lengthPassed:
   329                                 
   330                                 
   331                                 
   332                                 
   333                                 
   334                                 
   335 00000171 49C7C300000000          mov r11, 0
   336                                  updateWord:
   337 00000178 4939D3                  cmp r11, rdx
   338 0000017B 740B                    je updateDone
   339                                 
   340 0000017D 438A0419                mov al, byte [r9 + r11]
   341 00000181 42880419                mov [rcx + r11], al
   342                                 
   343 00000185 49FFC3                  inc r11
   344 00000188 EBEC                    jmp updateWord
   345                                  updateDone:
   346                                 
   347 0000018A C6041100                mov byte [rcx + rdx], 0
   348                                 
   349                                 
   350 0000018E EB06                    jmp returnTrue
   351                                 
   352                                 
   353                                  returnFalse:
   354 00000190 48C7C000000000          mov rax, 0
   355 00000197 C3                      ret
   356                                 
   357                                  returnTrue:
   358 00000198 48C7C001000000          mov rax, 1
   359 0000019F C3                      ret
   360 000001A0 C3                     ret
   361                                 
   362                                 
   363                                 
   364                                 
   365                                 
   366                                 [global getWord]
   367                                 
   368                                 getWord:
   369                                 
   370 000001A1 53                      push rbx
   371 000001A2 4154                    push r12
   372 000001A4 4155                    push r13
   373                                 
   374 000001A6 49C7C4[00000000]        mov r12, buffer
   375                                 
   376                                 
   377 000001AD 57                      push rdi
   378 000001AE 56                      push rsi
   379                                 
   380 000001AF 488B39                  mov rdi, [rcx]
   381 000001B2 4C89E6                  mov rsi, r12
   382 000001B5 48C7C200100000          mov rdx, 4096
   383 000001BC 48C7C000000000          mov rax, 0
   384 000001C3 0F05                    syscall
   385                                 
   386 000001C5 5E                      pop rsi
   387 000001C6 5F                      pop rdi
   388                                 
   389                                 
   390 000001C7 4883F800                cmp rax, 0
   391 000001CB 7E5D                    jle noRead
   392                                 
   393 000001CD 49C7C500000000          mov r13, 0
   394 000001D4 4989C6                  mov r14, rax
   395 000001D7 48C7C300000000          mov rbx, 0
   396                                 
   397                                 
   398                                  checkSpace:
   399 000001DE 4D39F5                  cmp r13, r14
   400 000001E1 7D28                    jge finish
   401                                 
   402 000001E3 438A042C                mov al, byte [r12 + r13]
   403                                 
   404 000001E7 3C20                    cmp al, 32
   405 000001E9 7F03                    jg copyWord
   406 000001EB 49FFC5                  inc r13
   407 000001EE EBEC                    jmp checkSpace
   408                                 
   409                                  copyWord:
   410 000001F0 4D39F5                  cmp r13, r14
   411 000001F3 7D16                    jge finish
   412                                 
   413 000001F5 438A042C                mov al, byte [r12 + r13]
   414                                 
   415 000001F9 3C20                    cmp al, 32
   416 000001FB 7E0E                    jle finish
   417                                 
   418 000001FD 4839F3                  cmp rbx, rsi
   419 00000200 7D19                    jge tooLong
   420                                 
   421 00000202 88041F                  mov byte [rdi + rbx], al
   422 00000205 48FFC3                  inc rbx
   423 00000208 49FFC5                  inc r13
   424 0000020B EBE1                    jmp copyWord
   425                                 
   426                                 
   427                                  finish:
   428 0000020D C6041F00                mov byte [rdi + rbx], 0
   429 00000211 C60201                  mov byte [rdx], 1
   430 00000214 48C7C001000000          mov rax, 1
   431 0000021B EB17                    jmp done
   432                                 
   433                                 
   434                                  tooLong:
   435 0000021D C60700                  mov byte [rdi], 0
   436 00000220 C60200                  mov byte [rdx], 0
   437 00000223 48C7C000000000          mov rax, 0
   438 0000022A EB08                    jmp done
   439                                 
   440                                 
   441                                  noRead:
   442 0000022C C60200                  mov byte [rdx], 0
   443 0000022F 48C7C000000000          mov rax, 0
   444                                 
   445                                  done:
   446                                 
   447 00000236 415D                    pop r13
   448 00000238 415C                    pop r12
   449 0000023A 5B                      pop rbx
   450 0000023B C3                      ret
   451 0000023C C3                     ret
   452                                 
   453                                 
   454                                 
   455                                 
   456                                 [global checkWord]
   457                                 checkWord:
   458 0000023D 49C7C000000000          mov r8, 0
   459                                 
   460                                 
   461                                  wordsLoop:
   462 00000244 428A0407                mov al, [rdi + r8]
   463 00000248 428A1C06                mov bl, [rsi + r8]
   464                                 
   465 0000024C 38D8                    cmp al, bl
   466 0000024E 7507                    jne mismatch
   467                                 
   468 00000250 3C00                    cmp al, 0
   469 00000252 740B                    je wordsMatch
   470                                 
   471 00000254 49FFC0                  inc r8
   472 00000257 EBE9                    jmp wordsLoop
   473                                 
   474                                 
   475                                  mismatch:
   476 00000259 48C7C000000000          mov rax, 0
   477 00000260 C3                      ret
   478                                 
   479                                 
   480                                  wordsMatch:
   481                                 
   482 00000261 488B02                  mov rax, [rdx]
   483 00000264 48FFC0                  inc rax
   484 00000267 488902                  mov [rdx], rax
   485                                 
   486 0000026A 48C7C001000000          mov rax, 1
   487 00000271 C3                      ret
   488 00000272 C3                     ret
   489                                 
   490                                 
   491                                 [global closeFile]
   492                                 closeFile:
   493 00000273 48C7C003000000          mov rax, 3
   494 0000027A 0F05                    syscall
   495 0000027C C3                     ret
   496                                 
   497                                 [global getLength]
   498                                 getLength:
   499 0000027D 48C7C000000000          mov rax, 0
   500                                  strCountLoop2:
   501 00000284 803C0700                cmp byte [rdi+rax], NULL
   502 00000288 7403                    je strCountLoopDone2
   503 0000028A 48FFC0                  inc rax
   504 0000028D EBF3                    jmp strCountLoop2
   505                                  strCountLoopDone2:
   506 0000028F C3                     ret
   507                                 
   508                                 [global printString]
   509                                 printString:
   510                                 
   511                                 
   512                                 
   513 00000290 48C7C200000000          mov rdx, 0
   514                                  strCountLoop:
   515 00000297 803C1700                cmp byte [rdi+rdx], NULL
   516 0000029B 7403                    je strCountLoopDone
   517 0000029D 48FFC2                  inc rdx
   518 000002A0 EBF3                    jmp strCountLoop
   519                                  strCountLoopDone:
   520 000002A2 4883FA00                cmp rdx, 0
   521 000002A6 7411                    je printStringDone
   522                                 
   523                                 
   524                                 
   525                                 
   526 000002A8 48C7C001000000          mov rax, SYS_write
   527 000002AF 4889FE                  mov rsi, rdi
   528 000002B2 48C7C701000000          mov rdi, STDOUT
   529                                 
   530 000002B9 0F05                    syscall
   531                                 
   532                                 
   533                                 
   534                                 
   535                                  printStringDone:
   536 000002BB C3                     ret
